
Jest dev-server output:
[jest-dev-server]  INFO  Accepting connections at http://localhost:8080
[jest-dev-server]  HTTP  14/4/2026 8:23:04 pm ::1 GET /
[jest-dev-server]  HTTP  14/4/2026 8:23:04 pm ::1 Returned 200 in 13 ms
[jest-dev-server]  HTTP  14/4/2026 8:23:04 pm ::1 GET /vendor/leaflet/leaflet.css
[jest-dev-server]  HTTP  14/4/2026 8:23:04 pm ::1 Returned 200 in 2 ms
[jest-dev-server]  HTTP  14/4/2026 8:23:04 pm ::1 GET /index.css
[jest-dev-server]  HTTP  14/4/2026 8:23:04 pm ::1 GET /vendor/leaflet/leaflet.js
[jest-dev-server]  HTTP  14/4/2026 8:23:04 pm ::1 GET /src/main.js
[jest-dev-server]  HTTP  14/4/2026 8:23:04 pm ::1 GET /manifest.json
[jest-dev-server]  HTTP  14/4/2026 8:23:04 pm ::1 Returned 200 in 3 ms
[jest-dev-server]  HTTP  14/4/2026 8:23:04 pm ::1 Returned 200 in 3 ms
[jest-dev-server]  HTTP  14/4/2026 8:23:04 pm ::1 Returned 200 in 2 ms
[jest-dev-server]  HTTP  14/4/2026 8:23:04 pm ::1 Returned 200 in 2 ms
[jest-dev-server]  HTTP  14/4/2026 8:23:04 pm ::1 GET /src/modules/ui.js
[jest-dev-server]  HTTP  14/4/2026 8:23:04 pm ::1 GET /src/modules/storage.js
[jest-dev-server]  HTTP  14/4/2026 8:23:04 pm ::1 GET /src/modules/gps.js
[jest-dev-server]  HTTP  14/4/2026 8:23:04 pm ::1 Returned 200 in 2 ms
[jest-dev-server]  HTTP  14/4/2026 8:23:04 pm ::1 Returned 200 in 2 ms
[jest-dev-server]  HTTP  14/4/2026 8:23:04 pm ::1 Returned 200 in 2 ms
[jest-dev-server]  HTTP  14/4/2026 8:23:04 pm ::1 GET /src/modules/weather.js
[jest-dev-server]  HTTP  14/4/2026 8:23:04 pm ::1 GET /src/modules/survey.js
[jest-dev-server]  HTTP  14/4/2026 8:23:04 pm ::1 GET /src/modules/symbols.js
[jest-dev-server]  HTTP  14/4/2026 8:23:04 pm ::1 GET /src/modules/map.js
[jest-dev-server]  HTTP  14/4/2026 8:23:04 pm ::1 GET /src/modules/waypoints.js
[jest-dev-server]  HTTP  14/4/2026 8:23:04 pm ::1 GET /src/modules/quadrat.js
[jest-dev-server]  HTTP  14/4/2026 8:23:04 pm ::1 Returned 200 in 3 ms
[jest-dev-server]  HTTP  14/4/2026 8:23:04 pm ::1 Returned 200 in 3 ms
[jest-dev-server]  HTTP  14/4/2026 8:23:04 pm ::1 Returned 200 in 4 ms
[jest-dev-server]  HTTP  14/4/2026 8:23:04 pm ::1 Returned 200 in 4 ms
[jest-dev-server]  HTTP  14/4/2026 8:23:04 pm ::1 Returned 200 in 3 ms
[jest-dev-server]  HTTP  14/4/2026 8:23:04 pm ::1 Returned 200 in 4 ms
[jest-dev-server]  HTTP  14/4/2026 8:23:04 pm ::1 GET /src/modules/transect.js
[jest-dev-server]  HTTP  14/4/2026 8:23:04 pm ::1 GET /src/modules/environment.js
[jest-dev-server]  HTTP  14/4/2026 8:23:04 pm ::1 GET /src/modules/disturbance.js
[jest-dev-server]  HTTP  14/4/2026 8:23:04 pm ::1 GET /src/modules/media.js
[jest-dev-server]  HTTP  14/4/2026 8:23:04 pm ::1 GET /src/modules/notes.js
[jest-dev-server]  HTTP  14/4/2026 8:23:04 pm ::1 Returned 200 in 4 ms
[jest-dev-server]  HTTP  14/4/2026 8:23:04 pm ::1 Returned 200 in 3 ms
[jest-dev-server]  HTTP  14/4/2026 8:23:04 pm ::1 GET /src/modules/analytics.js
[jest-dev-server]  HTTP  14/4/2026 8:23:04 pm ::1 Returned 200 in 4 ms
[jest-dev-server]  HTTP  14/4/2026 8:23:04 pm ::1 Returned 200 in 3 ms
[jest-dev-server]  HTTP  14/4/2026 8:23:04 pm ::1 Returned 200 in 2 ms
[jest-dev-server]  HTTP  14/4/2026 8:23:04 pm ::1 Returned 200 in 2 ms
[jest-dev-server]  HTTP  14/4/2026 8:23:04 pm ::1 GET /src/modules/export.js
[jest-dev-server]  HTTP  14/4/2026 8:23:04 pm ::1 GET /src/modules/analytics-compare.js
[jest-dev-server]  HTTP  14/4/2026 8:23:04 pm ::1 GET /src/modules/species-autocomplete.js
[jest-dev-server]  HTTP  14/4/2026 8:23:04 pm ::1 GET /src/modules/herbarium.js
[jest-dev-server]  HTTP  14/4/2026 8:23:04 pm ::1 GET /src/modules/germplasm.js
[jest-dev-server]  HTTP  14/4/2026 8:23:04 pm ::1 Returned 200 in 2 ms
[jest-dev-server]  HTTP  14/4/2026 8:23:04 pm ::1 Returned 200 in 2 ms
[jest-dev-server]  HTTP  14/4/2026 8:23:04 pm ::1 Returned 200 in 3 ms
[jest-dev-server]  HTTP  14/4/2026 8:23:04 pm ::1 Returned 200 in 3 ms
[jest-dev-server]  HTTP  14/4/2026 8:23:04 pm ::1 Returned 200 in 2 ms
[jest-dev-server]  HTTP  14/4/2026 8:23:04 pm ::1 GET /src/modules/firebase.js
[jest-dev-server]  HTTP  14/4/2026 8:23:04 pm ::1 Returned 200 in 2 ms
[jest-dev-server]  HTTP  14/4/2026 8:23:04 pm ::1 GET /src/modules/utils.js
[jest-dev-server]  HTTP  14/4/2026 8:23:04 pm ::1 GET /src/modules/map-offline.js
[jest-dev-server]  HTTP  14/4/2026 8:23:04 pm ::1 Returned 200 in 2 ms
[jest-dev-server]  HTTP  14/4/2026 8:23:04 pm ::1 Returned 200 in 2 ms
[jest-dev-server]  HTTP  14/4/2026 8:23:05 pm ::1 GET /icon-192.png
[jest-dev-server]  HTTP  14/4/2026 8:23:05 pm ::1 Returned 200 in 1 ms
[jest-dev-server]  HTTP  14/4/2026 8:23:05 pm ::1 GET /icon-192.png
[jest-dev-server]  HTTP  14/4/2026 8:23:05 pm ::1 Returned 304 in 1 ms
[jest-dev-server]  HTTP  14/4/2026 8:23:05 pm ::1 GET /service-worker.js
[jest-dev-server]  HTTP  14/4/2026 8:23:05 pm ::1 Returned 200 in 2 ms
[jest-dev-server]  HTTP  14/4/2026 8:23:05 pm ::1 GET /index.html
[jest-dev-server]  HTTP  14/4/2026 8:23:05 pm ::1 Returned 301 in 1 ms
[jest-dev-server]  HTTP  14/4/2026 8:23:05 pm ::1 GET /index.css
[jest-dev-server]  HTTP  14/4/2026 8:23:05 pm ::1 GET /src/main.js
[jest-dev-server]  HTTP  14/4/2026 8:23:05 pm ::1 Returned 304 in 1 ms
[jest-dev-server]  HTTP  14/4/2026 8:23:05 pm ::1 Returned 304 in 1 ms
[jest-dev-server]  HTTP  14/4/2026 8:23:05 pm ::1 GET /index
 HTTP  14/4/2026 8:23:05 pm ::1 Returned 301 in 1 ms
[jest-dev-server]  HTTP  14/4/2026 8:23:05 pm ::1 GET /manifest.json
[jest-dev-server]  HTTP  14/4/2026 8:23:05 pm ::1 GET /
[jest-dev-server]  HTTP  14/4/2026 8:23:05 pm ::1 GET /vendor/leaflet/leaflet.css
[jest-dev-server]  HTTP  14/4/2026 8:23:05 pm ::1 Returned 304 in 2 ms
[jest-dev-server]  HTTP  14/4/2026 8:23:05 pm ::1 Returned 304 in 2 ms
[jest-dev-server]  HTTP  14/4/2026 8:23:05 pm ::1 Returned 304 in 1 ms
[jest-dev-server]  HTTP  14/4/2026 8:23:05 pm ::1 GET /vendor/leaflet/leaflet.js
[jest-dev-server]  HTTP  14/4/2026 8:23:05 pm ::1 Returned 304 in 1 ms
[jest-dev-server]  HTTP  14/4/2026 8:23:05 pm ::1 GET /src/modules/ui.js
[jest-dev-server]  HTTP  14/4/2026 8:23:05 pm ::1 Returned 304 in 0 ms
[jest-dev-server]  HTTP  14/4/2026 8:23:05 pm ::1 GET /src/modules/storage.js
[jest-dev-server]  HTTP  14/4/2026 8:23:05 pm ::1 Returned 304 in 0 ms
[jest-dev-server]  HTTP  14/4/2026 8:23:05 pm ::1 GET /src/modules/firebase.js
[jest-dev-server]  HTTP  14/4/2026 8:23:05 pm ::1 GET /src/modules/gps.js
[jest-dev-server]  HTTP  14/4/2026 8:23:05 pm ::1 Returned 304 in 1 ms
[jest-dev-server]  HTTP  14/4/2026 8:23:05 pm ::1 GET /src/modules/weather.js
[jest-dev-server]  HTTP  14/4/2026 8:23:05 pm ::1 Returned 304 in 1 ms
[jest-dev-server]  HTTP  14/4/2026 8:23:05 pm ::1 Returned 304 in 1 ms
[jest-dev-server]  HTTP  14/4/2026 8:23:05 pm ::1 GET /src/modules/survey.js
[jest-dev-server]  HTTP  14/4/2026 8:23:05 pm ::1 GET /src/modules/symbols.js
[jest-dev-server]  HTTP  14/4/2026 8:23:05 pm ::1 Returned 304 in 1 ms
[jest-dev-server]  HTTP  14/4/2026 8:23:05 pm ::1 Returned 304 in 1 ms
[jest-dev-server]  HTTP  14/4/2026 8:23:05 pm ::1 GET /src/modules/map.js
[jest-dev-server]  HTTP  14/4/2026 8:23:05 pm ::1 Returned 304 in 0 ms
[jest-dev-server]  HTTP  14/4/2026 8:23:05 pm ::1 GET /src/modules/map-offline.js
[jest-dev-server]  HTTP  14/4/2026 8:23:05 pm ::1 GET /src/modules/waypoints.js
[jest-dev-server]  HTTP  14/4/2026 8:23:05 pm ::1 Returned 304 in 1 ms
[jest-dev-server]  HTTP  14/4/2026 8:23:05 pm ::1 GET /src/modules/quadrat.js
[jest-dev-server]  HTTP  14/4/2026 8:23:05 pm ::1 Returned 304 in 1 ms
[jest-dev-server]  HTTP  14/4/2026 8:23:05 pm ::1 Returned 304 in 1 ms
[jest-dev-server]  HTTP  14/4/2026 8:23:05 pm ::1 GET /src/modules/transect.js
[jest-dev-server]  HTTP  14/4/2026 8:23:05 pm ::1 Returned 304 in 1 ms
[jest-dev-server]  HTTP  14/4/2026 8:23:05 pm ::1 GET /src/modules/environment.js
[jest-dev-server]  HTTP  14/4/2026 8:23:05 pm ::1 Returned 304 in 1 ms
[jest-dev-server]  HTTP  14/4/2026 8:23:05 pm ::1 GET /src/modules/disturbance.js
[jest-dev-server]  HTTP  14/4/2026 8:23:05 pm ::1 Returned 304 in 1 ms
[jest-dev-server]  HTTP  14/4/2026 8:23:05 pm ::1 GET /src/modules/media.js
[jest-dev-server]  HTTP  14/4/2026 8:23:05 pm ::1 Returned 304 in 1 ms
[jest-dev-server]  HTTP  14/4/2026 8:23:05 pm ::1 GET /src/modules/notes.js
[jest-dev-server]  HTTP  14/4/2026 8:23:05 pm ::1 Returned 304 in 1 ms
[jest-dev-server]  HTTP  14/4/2026 8:23:05 pm ::1 GET /src/modules/analytics.js
[jest-dev-server]  HTTP  14/4/2026 8:23:05 pm ::1 Returned 304 in 1 ms
[jest-dev-server]  HTTP  14/4/2026 8:23:05 pm ::1 GET /src/modules/analytics-compare.js
[jest-dev-server]  HTTP  14/4/2026 8:23:05 pm ::1 Returned 304 in 0 ms
[jest-dev-server]  HTTP  14/4/2026 8:23:05 pm ::1 GET /src/modules/export.js
[jest-dev-server]  HTTP  14/4/2026 8:23:05 pm ::1 GET /src/modules/herbarium.js
[jest-dev-server]  HTTP  14/4/2026 8:23:05 pm ::1 Returned 304 in 0 ms
[jest-dev-server]  HTTP  14/4/2026 8:23:05 pm ::1 Returned 304 in 1 ms
[jest-dev-server]  HTTP  14/4/2026 8:23:05 pm ::1 GET /src/modules/germplasm.js
[jest-dev-server]  HTTP  14/4/2026 8:23:05 pm ::1 Returned 304 in 0 ms
[jest-dev-server]  HTTP  14/4/2026 8:23:05 pm ::1 GET /src/modules/species-autocomplete.js
[jest-dev-server]  HTTP  14/4/2026 8:23:05 pm ::1 Returned 304 in 0 ms
[jest-dev-server]  HTTP  14/4/2026 8:23:05 pm ::1 GET /src/modules/utils.js
[jest-dev-server]  HTTP  14/4/2026 8:23:05 pm ::1 Returned 304 in 1 ms
node.exe : FAIL tests/germplasm.test.js (16.004 s)
At line:1 char:1
+ & "C:\Program Files\nodejs/node.exe" "C:\Program Files\nodejs/node_mo ...
+ ~~~~~~~~~~~~~~~~~~~~~~~~~~~~~~~~~~~~~~~~~~~~~~~~~~~~~~~~~~~~~~~~~~~~~
    + CategoryInfo          : NotSpecified: (FAIL tests/germplasm.test.js (16.004 s):String) [], RemoteException
    + FullyQualifiedErrorId : NativeCommandError
 
  Germplasm Collector E2E Tests
    ├ù Navigate to Tools and Create a Survey (2819 ms)
    ΓêÜ Open Germplasm Tool and check body cards (1089 ms)
    ΓêÜ Operate NBPGR form and save record (3224 ms)
    ├ù Navigate back and verify ICFRE and ISTA forms rendered (14 ms)
    ├ù Validation blocks empty name (2011 ms)

  ΓùÅ Germplasm Collector E2E Tests ΓÇ║ Navigate to Tools and Create a Survey

    expect(received).toBeTruthy()

    Received: ""

    [0m [90m 31 |[39m     [90m// Verify selector has a value[39m
     [90m 32 |[39m     [36mconst[39m selVal [33m=[39m [36mawait[39m 
page[33m.[39m$eval([32m'#surveySelector'[39m[33m,[39m el [33m=>[39m el[33m.[39mvalue)[33m;[39m
    [31m[1m>[22m[39m[90m 33 |[39m     expect(selVal)[33m.[39mtoBeTruthy()[33m;[39m
     [90m    |[39m                    [31m[1m^[22m[39m
     [90m 34 |[39m   })[33m;[39m
     [90m 35 |[39m
     [90m 36 |[39m   test([32m'Open Germplasm Tool and check body cards'[39m[33m,[39m [36masync[39m () 
[33m=>[39m {[0m

      at Object.toBeTruthy (tests/germplasm.test.js:33:20)

  ΓùÅ Germplasm Collector E2E Tests ΓÇ║ Navigate back and verify ICFRE and ISTA forms rendered

    Node is either not clickable or not an Element

    [0m [90m 61 |[39m   test([32m'Navigate back and verify ICFRE and ISTA forms rendered'[39m[33m,[39m 
[36masync[39m () [33m=>[39m {
     [90m 62 |[39m     [90m// Go back to Home[39m
    [31m[1m>[22m[39m[90m 63 |[39m     [36mawait[39m page[33m.[39mclick([32m'#btnGNavHome'[39m)[33m;[39m
     [90m    |[39m     [31m[1m^[22m[39m
     [90m 64 |[39m     [36mawait[39m [36mnew[39m [33mPromise[39m(r [33m=>[39m setTimeout(r[33m,[39m 
[35m1000[39m))[33m;[39m
     [90m 65 |[39m
     [90m 66 |[39m     [90m// Check ICFRE[39m[0m

      at CdpElementHandle.clickablePoint (node_modules/puppeteer-core/src/api/ElementHandle.ts:734:13)
      at CdpElementHandle.<anonymous> (node_modules/puppeteer-core/src/api/ElementHandle.ts:139:14)
      at CdpElementHandle.click (node_modules/puppeteer-core/src/api/ElementHandle.ts:773:20)
      at CdpElementHandle.<anonymous> (node_modules/puppeteer-core/src/api/ElementHandle.ts:149:20)
      at CdpFrame.click (node_modules/puppeteer-core/src/api/Frame.ts:1064:5)
      at Object.<anonymous> (tests/germplasm.test.js:63:5)

  ΓùÅ Germplasm Collector E2E Tests ΓÇ║ Validation blocks empty name

    TimeoutError: Waiting for selector `#germ_ista_speciesScientific` failed

    [0m [90m 79 |[39m
     [90m 80 |[39m   test([32m'Validation blocks empty name'[39m[33m,[39m [36masync[39m () [33m=>[39m {
    [31m[1m>[22m[39m[90m 81 |[39m     [36mawait[39m 
page[33m.[39mwaitForSelector([32m'#germ_ista_speciesScientific'[39m[33m,[39m { timeout[33m:[39m [35m2000[39m 
})[33m;[39m
     [90m    |[39m     [31m[1m^[22m[39m
     [90m 82 |[39m     [36mawait[39m page[33m.[39m$eval([32m'#germ_ista_speciesScientific'[39m[33m,[39m el 
[33m=>[39m el[33m.[39mvalue [33m=[39m [32m''[39m)[33m;[39m
     [90m 83 |[39m     [36mawait[39m page[33m.[39mclick([32m'#btnGSaveRec'[39m)[33m;[39m
     [90m 84 |[39m     [36mawait[39m [36mnew[39m [33mPromise[39m(r [33m=>[39m setTimeout(r[33m,[39m 
[35m500[39m))[33m;[39m[0m

      at CSSQueryHandler.waitFor (node_modules/puppeteer-core/src/common/QueryHandler.ts:213:36)
      at CdpFrame.waitForSelector (node_modules/puppeteer-core/src/api/Frame.ts:741:13)
      at CdpPage.waitForSelector (node_modules/puppeteer-core/src/api/Page.ts:3090:12)
      at Object.<anonymous> (tests/germplasm.test.js:81:5)

    Cause:
    TimeoutError: Waiting failed: 2000ms exceeded

      at new WaitTask (node_modules/puppeteer-core/src/common/WaitTask.ts:77:28)
      at IsolatedWorld.waitForFunction (node_modules/puppeteer-core/src/api/Realm.ts:74:22)
      at CSSQueryHandler.waitFor (node_modules/puppeteer-core/src/common/QueryHandler.ts:171:50)
      at CdpFrame.waitForSelector (node_modules/puppeteer-core/src/api/Frame.ts:741:13)
      at CdpPage.waitForSelector (node_modules/puppeteer-core/src/api/Page.ts:3090:12)

Test Suites: 1 failed, 1 total
Tests:       3 failed, 2 passed, 5 total
Snapshots:   0 total
Time:        16.182 s
Ran all test suites matching tests/germplasm.test.js.
